Microchip MPLAB XC8 Compiler V2.32

Linker command line:

-W-3 --edf=C:\Program Files\Microchip\xc8\v2.32\pic\dat\en_msgs.txt -cn \
  -h+dist/default/production\Projeto_Final.X.production.sym \
  --cmf=dist/default/production\Projeto_Final.X.production.cmf -z -Q18F4520 \
  -oC:\Users\Said\AppData\Local\Temp\xcAs8fc.4 --defsym=__MPLAB_BUILD=1 \
  -Mdist/default/production/Projeto_Final.X.production.map -E1 \
  -ver=XC8 Compiler --acfsm=1493 -ASTACK=080h-05FFh -pstack=STACK \
  -ACODE=00h-07FFFh -ACONST=00h-07FFFh -ASMALLCONST=0600h-06FFhx122 \
  -AMEDIUMCONST=0600h-07FFFh -ACOMRAM=01h-07Fh -AABS1=00h-05FFh \
  -ABIGRAM=01h-05FFh -ARAM=080h-0FFh,0100h-01FFhx5 -ABANK0=080h-0FFh \
  -ABANK1=0100h-01FFh -ABANK2=0200h-02FFh -ABANK3=0300h-03FFh \
  -ABANK4=0400h-04FFh -ABANK5=0500h-05FFh -ASFR=0F80h-0FFFh \
  -ACONFIG=0300000h-030000Dh -AIDLOC=0200000h-0200007h \
  -AEEDATA=0F00000h-0F000FFh -peeprom_data=EEDATA \
  -preset_vec=00h,intcode,intcodelo,powerup,init -pramtop=0600h \
  -psmallconst=SMALLCONST -pmediumconst=MEDIUMCONST -pconst=CONST \
  -AFARRAM=00h-00h \
  -prdata=COMRAM,nvrram=COMRAM,nvbit=COMRAM,rbss=COMRAM,rbit=COMRAM \
  -pfarbss=FARRAM,fardata=FARRAM,nvFARRAM=FARRAM \
  -pintsave_regs=BIGRAM,bigbss=BIGRAM,bigdata=BIGRAM -pbss=RAM \
  -pidata=CODE,irdata=CODE,ibigdata=CODE,ifardata=CODE -prparam=COMRAM \
  C:\Users\Said\AppData\Local\Temp\xcAs8fc.o \
  dist/default/production\Projeto_Final.X.production.o 

Object code version is 3.11

Machine type is 18F4520



                Name                               Link     Load   Length Selector   Space Scale
C:\Users\Said\AppData\Local\Temp\xcAs8fc.o
                idloc                            200000   200000        8        0       5
                config                           300000   300000        E        0       4
                init                                  0        0        4        0       0
dist/default/production\Projeto_Final.X.production.o
                idloc                            200000   200000        8        0       5
                config                           300000   300000        E        0       4
                smallconst                          600      600       74      300       0
                text39                             19D4     19D4      24E      33A       0
                text38                             28F0     28F0       48      33A       0
                text37                             26EE     26EE       64      33A       0
                text36                             1F82     1F82      16A      33A       0
                text35                             1786     1786      24E      33A       0
                text34                             2A70     2A70       2A      33A       0
                text33                             2A46     2A46       2A      33A       0
                text32                             28A2     28A2       4E      33A       0
                text31                             20EC     20EC      136      33A       0
                text30                             297A     297A       3E      33A       0
                text29                             29B8     29B8       32      33A       0
                text28                             29EA     29EA       30      33A       0
                text27                             2B84     2B84        2      33A       0
                text26                             2938     2938       42      33A       0
                text25                             2752     2752       5A      33A       0
                text24                             2AFC     2AFC       1E      33A       0
                text23                             2A9A     2A9A       26      33A       0
                text22                             23EC     23EC       B4      33A       0
                text21                             2328     2328       C4      33A       0
                text20                             2552     2552       B0      33A       0
                text19                             2ADE     2ADE       1E      33A       0
                text18                             267A     267A       74      33A       0
                text17                              674      674      4C0      33A       0
                text16                             13EC     13EC      39A      33A       0
                text15                              FC2      FC2      42A      33A       0
                text14                             2222     2222      106      33A       0
                text13                             1C22     1C22      1B4      33A       0
                text12                             2852     2852       50      33A       0
                text11                             27AC     27AC       56      33A       0
                text10                             1DD6     1DD6      1AC      33A       0
                text9                              2A1A     2A1A       2C      33A       0
                text8                              2B34     2B34       1A      33A       0
                text7                              2AC0     2AC0       1E      33A       0
                text6                              2B7A     2B7A        A      33A       0
                text5                              2602     2602       78      33A       0
                text4                              24A0     24A0       B2      33A       0
                text3                              2B1A     2B1A       1A      33A       0
                text2                              2B64     2B64       16      33A       0
                text1                              2802     2802       50      33A       0
                text0                               B34      B34      48E      33A       0
                cstackCOMRAM                          1        1       6C        1       1
                bssCOMRAM                            6D       6D        A        1       1
                cinit                              2B4E     2B4E       16      33A       0

TOTAL           Name                               Link     Load   Length     Space
        CLASS   STACK          

        CLASS   CODE           
                init                                  0        0        4         0
                text39                             19D4     19D4      24E         0
                text38                             28F0     28F0       48         0
                text37                             26EE     26EE       64         0
                text36                             1F82     1F82      16A         0
                text35                             1786     1786      24E         0
                text34                             2A70     2A70       2A         0
                text33                             2A46     2A46       2A         0
                text32                             28A2     28A2       4E         0
                text31                             20EC     20EC      136         0
                text30                             297A     297A       3E         0
                text29                             29B8     29B8       32         0
                text28                             29EA     29EA       30         0
                text27                             2B84     2B84        2         0
                text26                             2938     2938       42         0
                text25                             2752     2752       5A         0
                text24                             2AFC     2AFC       1E         0
                text23                             2A9A     2A9A       26         0
                text22                             23EC     23EC       B4         0
                text21                             2328     2328       C4         0
                text20                             2552     2552       B0         0
                text19                             2ADE     2ADE       1E         0
                text18                             267A     267A       74         0
                text17                              674      674      4C0         0
                text16                             13EC     13EC      39A         0
                text15                              FC2      FC2      42A         0
                text14                             2222     2222      106         0
                text13                             1C22     1C22      1B4         0
                text12                             2852     2852       50         0
                text11                             27AC     27AC       56         0
                text10                             1DD6     1DD6      1AC         0
                text9                              2A1A     2A1A       2C         0
                text8                              2B34     2B34       1A         0
                text7                              2AC0     2AC0       1E         0
                text6                              2B7A     2B7A        A         0
                text5                              2602     2602       78         0
                text4                              24A0     24A0       B2         0
                text3                              2B1A     2B1A       1A         0
                text2                              2B64     2B64       16         0
                text1                              2802     2802       50         0
                text0                               B34      B34      48E         0
                cinit                              2B4E     2B4E       16         0

        CLASS   CONST          

        CLASS   SMALLCONST     
                smallconst                          600      600       74         0

        CLASS   MEDIUMCONST    

        CLASS   COMRAM         
                cstackCOMRAM                          1        1       6C         1
                bssCOMRAM                            6D       6D        A         1

        CLASS   ABS1           

        CLASS   BIGRAM         

        CLASS   RAM            

        CLASS   BANK0          

        CLASS   BANK1          

        CLASS   BANK2          

        CLASS   BANK3          

        CLASS   BANK4          

        CLASS   BANK5          

        CLASS   SFR            

        CLASS   CONFIG         
                config                           300000   300000        E         4

        CLASS   IDLOC          
                idloc                            200000   200000        8         5

        CLASS   EEDATA         

        CLASS   FARRAM         



SEGMENTS        Name                           Load    Length   Top    Selector   Space  Class

                reset_vec                      000000  000004  000004         0       0  CODE    
                cstackCOMRAM                   000001  000076  000077         1       1  COMRAM  
                smallconst                     000600  000074  000674       300       0  SMALLCON
                text17                         000674  002512  002B86       33A       0  CODE    


UNUSED ADDRESS RANGES

        Name                Unused          Largest block    Delta
        BANK0            000080-0000FF               80
        BANK1            000100-0001FF              100
        BANK2            000200-0002FF              100
        BANK3            000300-0003FF              100
        BANK4            000400-0004FF              100
        BANK5            000500-0005FF              100
        BIGRAM           000077-0005FF              589
        CODE             000004-0005FF              5FC
                         002B86-007FFF             547A
        COMRAM           000077-00007F                9
        CONST            000004-0005FF              5FC
                         002B86-007FFF             547A
        EEDATA           F00000-F000FF              100
        MEDIUMCONST      002B86-007FFF             547A
        RAM              000080-0005FF              100
        SFR              000F80-000FFF               80
        SMALLCONST       002B86-007FFF              100
        STACK            000080-0005FF              580

                                  Symbol Table

?___awdiv                  cstackCOMRAM 000001
?___awmod                  cstackCOMRAM 000009
?___fladd                  cstackCOMRAM 000041
?___fldiv                  cstackCOMRAM 00000F
?___flmul                  cstackCOMRAM 000028
?___fltol                  cstackCOMRAM 000051
?___xxtofl                 cstackCOMRAM 000001
?_adcRead                  cstackCOMRAM 000001
?_digitalRead              cstackCOMRAM 000001
?_kpRead                   cstackCOMRAM 000001
_ADCON0                    (abs)        000FC2
_ADCON1                    (abs)        000FC1
_ADCON2                    (abs)        000FC0
_ADRESH                    (abs)        000FC4
_ADRESL                    (abs)        000FC3
_BAUDCON                   (abs)        000FB8
_PIR1                      (abs)        000F9E
_PORTA                     (abs)        000F80
_PORTB                     (abs)        000F81
_PORTC                     (abs)        000F82
_PORTD                     (abs)        000F83
_PORTE                     (abs)        000F84
_PulseClockData            text34       002A70
_PulseEnClock              text33       002A46
_RCREG                     (abs)        000FAE
_RCSTA                     (abs)        000FAB
_SPBRG                     (abs)        000FAF
_SPBRGH                    (abs)        000FB0
_TRISA                     (abs)        000F92
_TRISB                     (abs)        000F93
_TRISC                     (abs)        000F94
_TRISD                     (abs)        000F95
_TRISE                     (abs)        000F96
_TXREG                     (abs)        000FAD
_TXSTA                     (abs)        000FAC
__HRAM                     (abs)        000000
__Habs1                    abs1         000000
__Hbank0                   bank0        000000
__Hbank1                   bank1        000000
__Hbank2                   bank2        000000
__Hbank3                   bank3        000000
__Hbank4                   bank4        000000
__Hbank5                   bank5        000000
__Hbigbss                  bigbss       000000
__Hbigdata                 bigdata      000000
__Hbigram                  bigram       000000
__Hbss                     bss          000000
__HbssCOMRAM               bssCOMRAM    000000
__Hcinit                   cinit        000000
__Hclrtext                 clrtext      000000
__Hcomram                  comram       000000
__Hconfig                  config       30000E
__Hconst                   const        000000
__HcstackCOMRAM            cstackCOMRAM 000000
__Hdata                    data         000000
__Heeprom_data             eeprom_data  000000
__Hfarbss                  farbss       000000
__Hfardata                 fardata      000000
__Hibigdata                ibigdata     000000
__Hidata                   idata        000000
__Hidloc                   idloc        200008
__Hifardata                ifardata     000000
__Hinit                    init         000004
__Hintcode                 intcode      000000
__Hintcode_body            intcode_body 000000
__Hintcodelo               intcodelo    000000
__Hintentry                intentry     000000
__Hintret                  intret       000000
__Hintsave_regs            intsave_regs 000000
__Hirdata                  irdata       000000
__Hmediumconst             mediumconst  000000
__HnvFARRAM                nvFARRAM     000000
__Hnvbit                   nvbit        000000
__Hnvrram                  nvrram       000000
__Hparam                   rparam       000000
__Hpowerup                 powerup      000000
__Hram                     ram          000000
__Hramtop                  ramtop       000600
__Hrbit                    rbit         000000
__Hrbss                    rbss         000000
__Hrdata                   rdata        000000
__Hreset_vec               reset_vec    000000
__Hrparam                  rparam       000000
__Hsfr                     sfr          000000
__Hsmallconst              smallconst   000674
__Hspace_0                 (abs)        002B86
__Hspace_1                 (abs)        000077
__Hspace_2                 (abs)        000000
__Hspace_4                 (abs)        60000E
__Hstack                   stack        000000
__Hstruct                  struct       000000
__Htemp                    temp         000000
__Htext                    text         000000
__Htext0                   text0        000000
__Htext1                   text1        000000
__Htext10                  text10       000000
__Htext11                  text11       000000
__Htext12                  text12       000000
__Htext13                  text13       000000
__Htext14                  text14       000000
__Htext15                  text15       000000
__Htext16                  text16       000000
__Htext17                  text17       000000
__Htext18                  text18       000000
__Htext19                  text19       000000
__Htext2                   text2        000000
__Htext20                  text20       000000
__Htext21                  text21       000000
__Htext22                  text22       000000
__Htext23                  text23       000000
__Htext24                  text24       000000
__Htext25                  text25       000000
__Htext26                  text26       000000
__Htext27                  text27       000000
__Htext28                  text28       000000
__Htext29                  text29       000000
__Htext3                   text3        000000
__Htext30                  text30       000000
__Htext31                  text31       000000
__Htext32                  text32       000000
__Htext33                  text33       000000
__Htext34                  text34       000000
__Htext35                  text35       000000
__Htext36                  text36       000000
__Htext37                  text37       000000
__Htext38                  text38       000000
__Htext39                  text39       000000
__Htext4                   text4        000000
__Htext5                   text5        000000
__Htext6                   text6        000000
__Htext7                   text7        000000
__Htext8                   text8        000000
__Htext9                   text9        000000
__LRAM                     (abs)        000001
__Labs1                    abs1         000000
__Lbank0                   bank0        000000
__Lbank1                   bank1        000000
__Lbank2                   bank2        000000
__Lbank3                   bank3        000000
__Lbank4                   bank4        000000
__Lbank5                   bank5        000000
__Lbigbss                  bigbss       000000
__Lbigdata                 bigdata      000000
__Lbigram                  bigram       000000
__Lbss                     bss          000000
__LbssCOMRAM               bssCOMRAM    000000
__Lcinit                   cinit        000000
__Lclrtext                 clrtext      000000
__Lcomram                  comram       000000
__Lconfig                  config       000000
__Lconst                   const        000000
__LcstackCOMRAM            cstackCOMRAM 000000
__Ldata                    data         000000
__Leeprom_data             eeprom_data  000000
__Lfarbss                  farbss       000000
__Lfardata                 fardata      000000
__Libigdata                ibigdata     000000
__Lidata                   idata        000000
__Lidloc                   idloc        000000
__Lifardata                ifardata     000000
__Linit                    init         000000
__Lintcode                 intcode      000000
__Lintcode_body            intcode_body 000000
__Lintcodelo               intcodelo    000000
__Lintentry                intentry     000000
__Lintret                  intret       000000
__Lintsave_regs            intsave_regs 000000
__Lirdata                  irdata       000000
__Lmediumconst             mediumconst  000000
__LnvFARRAM                nvFARRAM     000000
__Lnvbit                   nvbit        000000
__Lnvrram                  nvrram       000000
__Lparam                   rparam       000000
__Lpowerup                 powerup      000000
__Lram                     ram          000000
__Lramtop                  ramtop       000600
__Lrbit                    rbit         000000
__Lrbss                    rbss         000000
__Lrdata                   rdata        000000
__Lreset_vec               reset_vec    000000
__Lrparam                  rparam       000000
__Lsfr                     sfr          000000
__Lsmallconst              smallconst   000600
__Lspace_0                 (abs)        000000
__Lspace_1                 (abs)        000000
__Lspace_2                 (abs)        000000
__Lspace_4                 (abs)        000000
__Lstack                   stack        000000
__Lstruct                  struct       000000
__Ltemp                    temp         000000
__Ltext                    text         000000
__Ltext0                   text0        000000
__Ltext1                   text1        000000
__Ltext10                  text10       000000
__Ltext11                  text11       000000
__Ltext12                  text12       000000
__Ltext13                  text13       000000
__Ltext14                  text14       000000
__Ltext15                  text15       000000
__Ltext16                  text16       000000
__Ltext17                  text17       000000
__Ltext18                  text18       000000
__Ltext19                  text19       000000
__Ltext2                   text2        000000
__Ltext20                  text20       000000
__Ltext21                  text21       000000
__Ltext22                  text22       000000
__Ltext23                  text23       000000
__Ltext24                  text24       000000
__Ltext25                  text25       000000
__Ltext26                  text26       000000
__Ltext27                  text27       000000
__Ltext28                  text28       000000
__Ltext29                  text29       000000
__Ltext3                   text3        000000
__Ltext30                  text30       000000
__Ltext31                  text31       000000
__Ltext32                  text32       000000
__Ltext33                  text33       000000
__Ltext34                  text34       000000
__Ltext35                  text35       000000
__Ltext36                  text36       000000
__Ltext37                  text37       000000
__Ltext38                  text38       000000
__Ltext39                  text39       000000
__Ltext4                   text4        000000
__Ltext5                   text5        000000
__Ltext6                   text6        000000
__Ltext7                   text7        000000
__Ltext8                   text8        000000
__Ltext9                   text9        000000
__S0                       (abs)        002B86
__S1                       (abs)        000077
__S2                       (abs)        000000
__S4                       (abs)        000000
__S5                       (abs)        000000
___awdiv                   text21       002328
___awdiv@counter           cstackCOMRAM 000005
___awdiv@dividend          cstackCOMRAM 000001
___awdiv@divisor           cstackCOMRAM 000003
___awdiv@quotient          cstackCOMRAM 000007
___awdiv@sign              cstackCOMRAM 000006
___awmod                   text20       002552
___awmod@counter           cstackCOMRAM 00000D
___awmod@dividend          cstackCOMRAM 000009
___awmod@divisor           cstackCOMRAM 00000B
___awmod@sign              cstackCOMRAM 00000E
___fladd                   text17       000674
___fladd@a                 cstackCOMRAM 000045
___fladd@aexp              cstackCOMRAM 00004E
___fladd@b                 cstackCOMRAM 000041
___fladd@bexp              cstackCOMRAM 00004F
___fladd@grs               cstackCOMRAM 000050
___fladd@signs             cstackCOMRAM 00004D
___fldiv                   text16       0013EC
___fldiv@a                 cstackCOMRAM 000013
___fldiv@aexp              cstackCOMRAM 000027
___fldiv@b                 cstackCOMRAM 00000F
___fldiv@bexp              cstackCOMRAM 000026
___fldiv@grs               cstackCOMRAM 000022
___fldiv@new_exp           cstackCOMRAM 000020
___fldiv@rem               cstackCOMRAM 00001B
___fldiv@sign              cstackCOMRAM 00001F
___flmul                   text15       000FC2
___flmul@a                 cstackCOMRAM 00002C
___flmul@aexp              cstackCOMRAM 000039
___flmul@b                 cstackCOMRAM 000028
___flmul@bexp              cstackCOMRAM 00003A
___flmul@grs               cstackCOMRAM 000035
___flmul@prod              cstackCOMRAM 00003B
___flmul@sign              cstackCOMRAM 000034
___flmul@temp              cstackCOMRAM 00003F
___fltol                   text14       002222
___fltol@exp1              cstackCOMRAM 00005A
___fltol@f1                cstackCOMRAM 000051
___fltol@sign1             cstackCOMRAM 000059
___inthi_sp                stack        000000
___intlo_sp                stack        000000
___param_bank              (abs)        000000
___rparam_used             (abs)        000001
___sp                      stack        000000
___xxtofl                  text13       001C22
___xxtofl@arg              cstackCOMRAM 00000B
___xxtofl@exp              cstackCOMRAM 00000A
___xxtofl@sign             cstackCOMRAM 000009
___xxtofl@val              cstackCOMRAM 000001
__accesstop                (abs)        000080
__activetblptr             (abs)        000002
__end_of_PulseClockData    text34       002A9A
__end_of_PulseEnClock      text33       002A70
__end_of___awdiv           text21       0023EC
__end_of___awmod           text20       002602
__end_of___fladd           text17       000B34
__end_of___fldiv           text16       001786
__end_of___flmul           text15       0013EC
__end_of___fltol           text14       002328
__end_of___xxtofl          text13       001DD6
__end_of__initialization   cinit        002B5A
__end_of_adcInit           text38       002938
__end_of_adcRead           text12       0028A2
__end_of_atraso_ms         text37       002752
__end_of_charKey           smallconst   00060B
__end_of_delayMicro        text27       002B86
__end_of_delayMili         text28       002A1A
__end_of_digitalRead       text36       0020EC
__end_of_digitalWrite      text35       0019D4
__end_of_kpDebounce        text31       002222
__end_of_kpInit            text29       0029EA
__end_of_kpRead            text6        002B84
__end_of_kpReadKey         text5        00267A
__end_of_lcdChar           text19       002AFC
__end_of_lcdCommand        text24       002B1A
__end_of_lcdInit           text22       0024A0
__end_of_lcdNumber         text18       0026EE
__end_of_lcdString         text11       002802
__end_of_leADC             text10       001F82
__end_of_leSerial          text7        002ADE
__end_of_leTeclado         text4        002552
__end_of_main              text0        000FC2
__end_of_pinMode           text39       001C22
__end_of_pulseEnablePin    text26       00297A
__end_of_pushByte          text25       0027AC
__end_of_pushNibble        text23       002AC0
__end_of_serialInit        text3        002B34
__end_of_serialRead        text9        002A46
__end_of_serialReadChar    text8        002B4E
__end_of_serialSend        text2        002B7A
__end_of_serialSendString  text1        002852
__end_of_soInit            text30       0029B8
__end_of_soWrite           text32       0028F0
__initialization           cinit        002B4E
__mediumconst              mediumconst  000000
__pbssCOMRAM               bssCOMRAM    00006D
__pcinit                   cinit        002B4E
__pcstackCOMRAM            cstackCOMRAM 000001
__psmallconst              smallconst   000600
__ptext0                   text0        000B34
__ptext1                   text1        002802
__ptext10                  text10       001DD6
__ptext11                  text11       0027AC
__ptext12                  text12       002852
__ptext13                  text13       001C22
__ptext14                  text14       002222
__ptext15                  text15       000FC2
__ptext16                  text16       0013EC
__ptext17                  text17       000674
__ptext18                  text18       00267A
__ptext19                  text19       002ADE
__ptext2                   text2        002B64
__ptext20                  text20       002552
__ptext21                  text21       002328
__ptext22                  text22       0023EC
__ptext23                  text23       002A9A
__ptext24                  text24       002AFC
__ptext25                  text25       002752
__ptext26                  text26       002938
__ptext27                  text27       002B84
__ptext28                  text28       0029EA
__ptext29                  text29       0029B8
__ptext3                   text3        002B1A
__ptext30                  text30       00297A
__ptext31                  text31       0020EC
__ptext32                  text32       0028A2
__ptext33                  text33       002A46
__ptext34                  text34       002A70
__ptext35                  text35       001786
__ptext36                  text36       001F82
__ptext37                  text37       0026EE
__ptext38                  text38       0028F0
__ptext39                  text39       0019D4
__ptext4                   text4        0024A0
__ptext5                   text5        002602
__ptext6                   text6        002B7A
__ptext7                   text7        002AC0
__ptext8                   text8        002B34
__ptext9                   text9        002A1A
__ramtop                   ramtop       000600
__size_of_PulseClockData   (abs)        000000
__size_of_PulseEnClock     (abs)        000000
__size_of___awdiv          (abs)        000000
__size_of___awmod          (abs)        000000
__size_of___fladd          (abs)        000000
__size_of___fldiv          (abs)        000000
__size_of___flmul          (abs)        000000
__size_of___fltol          (abs)        000000
__size_of___xxtofl         (abs)        000000
__size_of_adcInit          (abs)        000000
__size_of_adcRead          (abs)        000000
__size_of_atraso_ms        (abs)        000000
__size_of_delayMicro       (abs)        000000
__size_of_delayMili        (abs)        000000
__size_of_digitalRead      (abs)        000000
__size_of_digitalWrite     (abs)        000000
__size_of_kpDebounce       (abs)        000000
__size_of_kpInit           (abs)        000000
__size_of_kpRead           (abs)        000000
__size_of_kpReadKey        (abs)        000000
__size_of_lcdChar          (abs)        000000
__size_of_lcdCommand       (abs)        000000
__size_of_lcdInit          (abs)        000000
__size_of_lcdNumber        (abs)        000000
__size_of_lcdString        (abs)        000000
__size_of_leADC            (abs)        000000
__size_of_leSerial         (abs)        000000
__size_of_leTeclado        (abs)        000000
__size_of_main             (abs)        000000
__size_of_pinMode          (abs)        000000
__size_of_pulseEnablePin   (abs)        000000
__size_of_pushByte         (abs)        000000
__size_of_pushNibble       (abs)        000000
__size_of_serialInit       (abs)        000000
__size_of_serialRead       (abs)        000000
__size_of_serialReadChar   (abs)        000000
__size_of_serialSend       (abs)        000000
__size_of_serialSendString (abs)        000000
__size_of_soInit           (abs)        000000
__size_of_soWrite          (abs)        000000
__smallconst               smallconst   000600
_adcInit                   text38       0028F0
_adcRead                   text12       002852
_atraso_ms                 text37       0026EE
_charKey                   smallconst   000601
_delayMicro                text27       002B84
_delayMili                 text28       0029EA
_digitalRead               text36       001F82
_digitalWrite              text35       001786
_keys                      bssCOMRAM    000071
_kpDebounce                text31       0020EC
_kpInit                    text29       0029B8
_kpRead                    text6        002B7A
_kpReadKey                 text5        002602
_lcdChar                   text19       002ADE
_lcdCommand                text24       002AFC
_lcdInit                   text22       0023EC
_lcdNumber                 text18       00267A
_lcdString                 text11       0027AC
_leADC                     text10       001DD6
_leSerial                  text7        002AC0
_leTeclado                 text4        0024A0
_main                      text0        000B34
_pinMode                   text39       0019D4
_pulseEnablePin            text26       002938
_pushByte                  text25       002752
_pushNibble                text23       002A9A
_serialInit                text3        002B1A
_serialRead                text9        002A1A
_serialReadChar            text8        002B34
_serialSend                text2        002B64
_serialSendString          text1        002802
_soInit                    text30       00297A
_soWrite                   text32       0028A2
adcRead@ADvalor            cstackCOMRAM 000003
adcRead@channel            cstackCOMRAM 000001
atraso_ms@i                cstackCOMRAM 000003
atraso_ms@j                cstackCOMRAM 000005
atraso_ms@k                cstackCOMRAM 000006
atraso_ms@num              cstackCOMRAM 000001
delayMicro@a               cstackCOMRAM 000001
delayMili@a                cstackCOMRAM 000001
delayMili@i                cstackCOMRAM 000004
digitalRead@pin            cstackCOMRAM 000001
digitalWrite@pin           cstackCOMRAM 000001
digitalWrite@value         cstackCOMRAM 000003
end_of_initialization      cinit        002B5A
intlevel0                  text         000000
intlevel1                  text         000000
intlevel2                  text         000000
intlevel3                  text         000000
isa$std                    (abs)        000001
isa$xinst                  (abs)        000000
kpDebounce@i               cstackCOMRAM 00000D
kpDebounce@newRead         bssCOMRAM    00006F
kpDebounce@oldRead         bssCOMRAM    00006D
kpDebounce@tempo           bssCOMRAM    000075
kpReadKey@i                cstackCOMRAM 000004
lcdChar@value              cstackCOMRAM 00000E
lcdCommand@value           cstackCOMRAM 00000E
lcdNumber@i                cstackCOMRAM 000011
lcdNumber@value            cstackCOMRAM 00000F
lcdString@i                cstackCOMRAM 000013
lcdString@msg              cstackCOMRAM 00000F
leADC@Max                  cstackCOMRAM 000060
leADC@Min                  cstackCOMRAM 00005B
leADC@ValorADC             cstackCOMRAM 00005E
leADC@x                    cstackCOMRAM 000061
leSerial@Input             cstackCOMRAM 000003
leTeclado@Leitura          bssCOMRAM    000073
leTeclado@Retorno          bssCOMRAM    000076
main@Max                   cstackCOMRAM 000067
main@Min                   cstackCOMRAM 00006A
main@Slot                  cstackCOMRAM 000065
main@Superfice             cstackCOMRAM 000066
pinMode@pin                cstackCOMRAM 000001
pinMode@type               cstackCOMRAM 000003
pushByte@rs                cstackCOMRAM 00000A
pushByte@value             cstackCOMRAM 00000D
pushNibble@rs              cstackCOMRAM 00000A
pushNibble@value           cstackCOMRAM 00000C
serialRead@resp            cstackCOMRAM 000001
serialReadChar@Byte        cstackCOMRAM 000002
serialSend@c               cstackCOMRAM 000001
serialSendString@String    cstackCOMRAM 000002
serialSendString@i         cstackCOMRAM 000006
soWrite@i                  cstackCOMRAM 000009
soWrite@value              cstackCOMRAM 000007
stackhi                    (abs)        0005FF
stacklo                    (abs)        000080
start                      init         000000
start_initialization       cinit        002B4E


MODULE INFORMATION

Module		Function		Class		Link	Load	Size
C:\Program Files\Microchip\xc8\v2.32\pic\sources\c99\common\awdiv.c
		___awdiv       		CODE           	2328	0000	196

C:\Program Files\Microchip\xc8\v2.32\pic\sources\c99\common\awdiv.c estimated size: 196

serial.c
		_serialSend    		CODE           	2B64	0000	22
		_serialInit    		CODE           	2B1A	0000	26
		_serialRead    		CODE           	2A1A	0000	44

serial.c estimated size: 92

C:\Program Files\Microchip\xc8\v2.32\pic\sources\c99\common\sprcadd.c
		___fladd       		CODE           	0674	0000	1216

C:\Program Files\Microchip\xc8\v2.32\pic\sources\c99\common\sprcadd.c estimated size: 1216

keypad.c
		_kpInit        		CODE           	29B8	0000	50
		_kpReadKey     		CODE           	2602	0000	120
		_kpDebounce    		CODE           	20EC	0000	310
		_kpRead        		CODE           	2B7A	0000	10

keypad.c estimated size: 490

so.c
		_soInit        		CODE           	297A	0000	62
		_soWrite       		CODE           	28A2	0000	78
		_PulseEnClock  		CODE           	2A46	0000	42
		_PulseClockData		CODE           	2A70	0000	42

so.c estimated size: 224

io.c
		_digitalRead   		CODE           	1F82	0000	362
		_digitalWrite  		CODE           	1786	0000	590
		_pinMode       		CODE           	19D4	0000	590

io.c estimated size: 1542

atraso.c
		_atraso_ms     		CODE           	26EE	0000	100

atraso.c estimated size: 100

adc.c
		_adcRead       		CODE           	2852	0000	80
		_adcInit       		CODE           	28F0	0000	72

adc.c estimated size: 152

shared
		_charKey       		SMALLCONST     	0601	0000	10
		__initialization		CODE           	2B4E	0000	12

shared estimated size: 22

C:\Program Files\Microchip\xc8\v2.32\pic\sources\c99\common\sprcmul.c
		___flmul       		CODE           	0FC2	0000	1066

C:\Program Files\Microchip\xc8\v2.32\pic\sources\c99\common\sprcmul.c estimated size: 1066

C:\Program Files\Microchip\xc8\v2.32\pic\sources\c99\common\awmod.c
		___awmod       		CODE           	2552	0000	176

C:\Program Files\Microchip\xc8\v2.32\pic\sources\c99\common\awmod.c estimated size: 176

C:\Program Files\Microchip\xc8\v2.32\pic\sources\c99\common\sprcdiv.c
		___fldiv       		CODE           	13EC	0000	922

C:\Program Files\Microchip\xc8\v2.32\pic\sources\c99\common\sprcdiv.c estimated size: 922

lcd.c
		_lcdCommand    		CODE           	2AFC	0000	30
		_lcdChar       		CODE           	2ADE	0000	30
		_lcdString     		CODE           	27AC	0000	86
		_pulseEnablePin		CODE           	2938	0000	66
		_lcdNumber     		CODE           	267A	0000	116
		_pushByte      		CODE           	2752	0000	90
		_pushNibble    		CODE           	2A9A	0000	38
		_lcdInit       		CODE           	23EC	0000	180
		_delayMili     		CODE           	29EA	0000	48
		_delayMicro    		CODE           	2B84	0000	2

lcd.c estimated size: 686

C:\Program Files\Microchip\xc8\v2.32\pic\sources\c99\common\fltol.c
		___fltol       		CODE           	2222	0000	262

C:\Program Files\Microchip\xc8\v2.32\pic\sources\c99\common\fltol.c estimated size: 262

C:\Program Files\Microchip\xc8\v2.32\pic\sources\c99\common\xxtofl.c
		___xxtofl      		CODE           	1C22	0000	436

C:\Program Files\Microchip\xc8\v2.32\pic\sources\c99\common\xxtofl.c estimated size: 436

main.c
		_leSerial      		CODE           	2AC0	0000	30
		_main          		CODE           	0B34	0000	1166
		_serialSendString		CODE           	2802	0000	80
		_leADC         		CODE           	1DD6	0000	428
		_leTeclado     		CODE           	24A0	0000	178
		_serialReadChar		CODE           	2B34	0000	26

main.c estimated size: 1908

